ok  	github.com/opd-ai/wain	1.136s
?   	github.com/opd-ai/wain/cmd/amd-triangle-demo	[no test files]
?   	github.com/opd-ai/wain/cmd/auto-render-demo	[no test files]
?   	github.com/opd-ai/wain/cmd/callback-demo	[no test files]
?   	github.com/opd-ai/wain/cmd/clipboard-demo	[no test files]
?   	github.com/opd-ai/wain/cmd/decorations-demo	[no test files]
ok  	github.com/opd-ai/wain/cmd/dmabuf-demo	1.032s
ok  	github.com/opd-ai/wain/cmd/double-buffer-demo	1.020s
ok  	github.com/opd-ai/wain/cmd/event-demo	1.016s
?   	github.com/opd-ai/wain/cmd/example-app	[no test files]
ok  	github.com/opd-ai/wain/cmd/gen-atlas	1.022s
?   	github.com/opd-ai/wain/cmd/gpu-display-demo	[no test files]
?   	github.com/opd-ai/wain/cmd/gpu-shader-demo	[no test files]
ok  	github.com/opd-ai/wain/cmd/gpu-triangle-demo	1.020s
?   	github.com/opd-ai/wain/cmd/perf-demo	[no test files]
?   	github.com/opd-ai/wain/cmd/resource-demo	[no test files]
?   	github.com/opd-ai/wain/cmd/shader-test	[no test files]
?   	github.com/opd-ai/wain/cmd/theme-demo	[no test files]
?   	github.com/opd-ai/wain/cmd/wain	[no test files]
?   	github.com/opd-ai/wain/cmd/wain-build	[no test files]
ok  	github.com/opd-ai/wain/cmd/wain-demo	1.016s
ok  	github.com/opd-ai/wain/cmd/wayland-demo	1.016s
ok  	github.com/opd-ai/wain/cmd/widget-demo	1.015s
?   	github.com/opd-ai/wain/cmd/window-demo	[no test files]
ok  	github.com/opd-ai/wain/cmd/x11-demo	1.017s
ok  	github.com/opd-ai/wain/cmd/x11-dmabuf-demo	1.016s
ok  	github.com/opd-ai/wain/internal/buffer	1.158s
?   	github.com/opd-ai/wain/internal/demo	[no test files]
ok  	github.com/opd-ai/wain/internal/integration	1.189s
ok  	github.com/opd-ai/wain/internal/raster	1.142s
ok  	github.com/opd-ai/wain/internal/raster/composite	1.025s
ok  	github.com/opd-ai/wain/internal/raster/consumer	1.036s
ok  	github.com/opd-ai/wain/internal/raster/curves	1.027s
ok  	github.com/opd-ai/wain/internal/raster/displaylist	1.023s
ok  	github.com/opd-ai/wain/internal/raster/effects	1.060s
ok  	github.com/opd-ai/wain/internal/raster/primitives	1.019s
ok  	github.com/opd-ai/wain/internal/raster/text	1.022s
ok  	github.com/opd-ai/wain/internal/render	1.019s
ok  	github.com/opd-ai/wain/internal/render/atlas	1.013s
ok  	github.com/opd-ai/wain/internal/render/backend	1.199s
?   	github.com/opd-ai/wain/internal/render/display	[no test files]
?   	github.com/opd-ai/wain/internal/render/present	[no test files]
ok  	github.com/opd-ai/wain/internal/ui/decorations	1.072s
ok  	github.com/opd-ai/wain/internal/ui/layout	1.022s
ok  	github.com/opd-ai/wain/internal/ui/pctwidget	1.034s
ok  	github.com/opd-ai/wain/internal/ui/scale	1.024s
ok  	github.com/opd-ai/wain/internal/ui/widgets	1.067s
ok  	github.com/opd-ai/wain/internal/wayland/client	1.028s
ok  	github.com/opd-ai/wain/internal/wayland/datadevice	1.020s
ok  	github.com/opd-ai/wain/internal/wayland/dmabuf	1.020s
ok  	github.com/opd-ai/wain/internal/wayland/input	1.022s
ok  	github.com/opd-ai/wain/internal/wayland/output	1.016s
ok  	github.com/opd-ai/wain/internal/wayland/shm	1.067s
ok  	github.com/opd-ai/wain/internal/wayland/socket	1.019s
ok  	github.com/opd-ai/wain/internal/wayland/wire	1.020s
ok  	github.com/opd-ai/wain/internal/wayland/xdg	1.015s
ok  	github.com/opd-ai/wain/internal/x11/client	1.065s
ok  	github.com/opd-ai/wain/internal/x11/dpi	1.015s
ok  	github.com/opd-ai/wain/internal/x11/dri3	1.019s
ok  	github.com/opd-ai/wain/internal/x11/events	1.021s
ok  	github.com/opd-ai/wain/internal/x11/gc	1.020s
ok  	github.com/opd-ai/wain/internal/x11/present	1.018s
ok  	github.com/opd-ai/wain/internal/x11/selection	1.065s
ok  	github.com/opd-ai/wain/internal/x11/shm	1.016s
ok  	github.com/opd-ai/wain/internal/x11/wire	1.017s
?   	github.com/opd-ai/wain/scripts	[no test files]
